2026-06-22 20:09:09 - root - INFO - Logging configurado.
2026-06-22 20:09:09 - __main__ - INFO - Obtido o app name: PedidosRecusadosLegitimos
2026-06-22 20:09:14 - pipeline.pipeline - INFO - Pipeline iniciado...
2026-06-22 20:09:14 - pipeline.pipeline - INFO - Abrindo o dataframe de pagamentos
2026-06-22 20:09:19 - pipeline.pipeline - INFO - Abrindo o dataframe de pedidos
2026-06-22 20:09:19 - pipeline.pipeline - INFO - 
        Obtidos os seguintes parâmetros de pedidos: 
        - path: ./data/input/datasets-csv-pedidos/data/pedidos/
        - compression: gzip
        - header: True
        - separator: ;
        
2026-06-22 20:09:19 - pipeline.pipeline - INFO - Pipeline concluído com sucesso!
2026-06-22 20:09:19 - py4j.clientserver - INFO - Closing down clientserver connection
2026-06-22 20:17:04 - root - INFO - Logging configurado.
2026-06-22 20:17:04 - __main__ - INFO - Obtido o app name: PedidosRecusadosLegitimos
2026-06-22 20:17:09 - pipeline.pipeline - INFO - Pipeline iniciado...
2026-06-22 20:17:09 - pipeline.pipeline - INFO - Abrindo o dataframe de pagamentos
2026-06-22 20:17:13 - pipeline.pipeline - INFO - Abrindo o dataframe de pedidos
2026-06-22 20:17:13 - pipeline.pipeline - INFO - 
        Obtidos os seguintes parâmetros de pedidos: 
        - path: ./data/input/datasets-csv-pedidos/data/pedidos/
        - compression: gzip
        - header: True
        - separator: ;
        
2026-06-22 20:17:13 - pipeline.pipeline - INFO - Pipeline concluído com sucesso!
2026-06-22 20:17:13 - root - INFO - Sessão Spark finalizada.
2026-06-22 20:17:13 - py4j.clientserver - INFO - Closing down clientserver connection
2026-06-22 20:17:30 - root - INFO - Logging configurado.
2026-06-22 20:17:30 - __main__ - INFO - Obtido o app name: PedidosRecusadosLegitimos
2026-06-22 20:17:35 - pipeline.pipeline - INFO - Pipeline iniciado...
2026-06-22 20:17:35 - pipeline.pipeline - INFO - Abrindo o dataframe de pagamentos
2026-06-22 20:17:36 - root - ERROR - FALHA CRÍTICA NO PIPELINE: [PATH_NOT_FOUND] Path does not exist: file:/home/ana_1/workspace/data-engineering-pyspark/datta/input/dataset-json-pagamentos/data/pagamentos.
2026-06-22 20:17:36 - root - INFO - Sessão Spark finalizada.
2026-06-22 20:17:36 - py4j.clientserver - INFO - Closing down clientserver connection
2026-06-22 20:38:22 - root - INFO - Logging configurado.
2026-06-22 20:38:22 - __main__ - INFO - Obtido o app name: PedidosRecusadosLegitimos
2026-06-22 20:38:29 - pipeline.pipeline - INFO - Pipeline iniciado...
2026-06-22 20:38:29 - pipeline.pipeline - INFO - Abrindo o dataframe de pagamentos
2026-06-22 20:38:34 - pipeline.pipeline - INFO - Abrindo o dataframe de pedidos
2026-06-22 20:38:34 - pipeline.pipeline - INFO - 
        Obtidos os seguintes parâmetros de pedidos: 
        - path: ./data/input/datasets-csv-pedidos/data/pedidos/
        - compression: gzip
        - header: True
        - separator: ;
        
2026-06-22 20:38:34 - pipeline.pipeline - INFO - Pipeline concluído com sucesso!
2026-06-22 20:38:34 - root - INFO - Sessão Spark finalizada.
2026-06-22 20:38:34 - py4j.clientserver - INFO - Closing down clientserver connection
2026-06-22 20:47:33 - root - INFO - Logging configurado.
2026-06-22 20:47:33 - __main__ - INFO - Obtido o app name: PedidosRecusadosLegitimos
2026-06-22 20:47:39 - pipeline.pipeline - INFO - Pipeline iniciado...
2026-06-22 20:47:39 - pipeline.pipeline - INFO - Abrindo o dataframe de pagamentos
2026-06-22 20:47:44 - pipeline.pipeline - INFO - Abrindo o dataframe de pedidos
2026-06-22 20:47:44 - pipeline.pipeline - INFO - 
        Obtidos os seguintes parâmetros de pedidos:
        - path: ./data/input/datasets-csv-pedidos/data/pedidos/
        - compression: gzip
        - header: True
        - separator: ;
        
2026-06-22 20:47:44 - pipeline.pipeline - INFO - Gerando relatório final
2026-06-22 20:47:44 - root - ERROR - FALHA CRÍTICA NO PIPELINE: 'Transformation' object has no attribute 'gerar_relatorio'
2026-06-22 20:47:44 - root - INFO - Sessão Spark finalizada.
2026-06-22 20:47:44 - py4j.clientserver - INFO - Closing down clientserver connection
2026-06-22 20:49:34 - root - INFO - Logging configurado.
2026-06-22 20:49:34 - __main__ - INFO - Obtido o app name: PedidosRecusadosLegitimos
2026-06-22 20:49:39 - pipeline.pipeline - INFO - Pipeline iniciado...
2026-06-22 20:49:39 - pipeline.pipeline - INFO - Abrindo o dataframe de pagamentos
2026-06-22 20:49:43 - pipeline.pipeline - INFO - Abrindo o dataframe de pedidos
2026-06-22 20:49:43 - pipeline.pipeline - INFO - 
        Obtidos os seguintes parâmetros de pedidos:
        - path: ./data/input/datasets-csv-pedidos/data/pedidos/
        - compression: gzip
        - header: True
        - separator: ;
        
2026-06-22 20:49:43 - pipeline.pipeline - INFO - Gerando relatório final
2026-06-22 20:49:43 - root - ERROR - FALHA CRÍTICA NO PIPELINE: 'Transformation' object has no attribute 'gerar_relatorio'
2026-06-22 20:49:44 - root - INFO - Sessão Spark finalizada.
2026-06-22 20:49:44 - py4j.clientserver - INFO - Closing down clientserver connection
2026-06-22 20:51:12 - root - INFO - Logging configurado.
2026-06-22 20:51:12 - __main__ - INFO - Obtido o app name: PedidosRecusadosLegitimos
2026-06-22 20:51:16 - pipeline.pipeline - INFO - Pipeline iniciado...
2026-06-22 20:51:16 - pipeline.pipeline - INFO - Abrindo o dataframe de pagamentos
2026-06-22 20:51:20 - pipeline.pipeline - INFO - Abrindo o dataframe de pedidos
2026-06-22 20:51:20 - pipeline.pipeline - INFO - 
        Obtidos os seguintes parâmetros de pedidos:
        - path: ./data/input/datasets-csv-pedidos/data/pedidos/
        - compression: gzip
        - header: True
        - separator: ;
        
2026-06-22 20:51:20 - pipeline.pipeline - INFO - Gerando relatório final
2026-06-22 20:51:24 - pipeline.pipeline - INFO - Escrevendo o resultado em parquet
2026-06-22 20:51:28 - io_utils.data_handler - INFO - Dados salvos com sucesso em: ./data/output/pedidos_recusados_legitimos_2025.parquet
2026-06-22 20:51:28 - pipeline.pipeline - INFO - Pipeline concluído com sucesso!
2026-06-22 20:51:28 - root - INFO - Sessão Spark finalizada.
2026-06-22 20:51:28 - py4j.clientserver - INFO - Closing down clientserver connection
